// Vitest Snapshot v1, https://vitest.dev/guide/snapshot.html

exports[`CLI > should display package report 1`] = `
"e18e (cli <version>)

┌  Analyzing...
│
●  Summary
│  Package Name  mock-package
│  Version       1.0.0
│  Install Size  53.0 B
│  Dependencies  1 (1 production, 0 development)
│  ES Modules    100% (1 ESM, 0 CJS)
│
●  Results:
│
│
└  Done!

"
`;

exports[`CLI > should display package report 2`] = `""`;

exports[`CLI > should run successfully with default options 1`] = `
"e18e (cli <version>)

┌  Analyzing...
│
●  Summary
│  Package Name  mock-package
│  Version       1.0.0
│  Install Size  53.0 B
│  Dependencies  1 (1 production, 0 development)
│  ES Modules    100% (1 ESM, 0 CJS)
│
●  Results:
│
│
└  Done!

"
`;
