// Vitest Snapshot v1, https://vitest.dev/guide/snapshot.html

exports[`CLI > should display package report 1`] = `
"[36me18e[39m (cli <version>)

┌  Analyzing...
│
●  Summary
│  [36mPackage Name[39m                mock-package
│  [36mVersion[39m                     1.0.0
│  [36mInstall Size[39m                53.0 B
│  [36mDependencies[39m                1 (1 production, 0 development)
│  [36mDuplicate Dependency Count[39m  0
│
●  Results:
│
│
└  Done!

"
`;

exports[`CLI > should display package report 2`] = `
"(node:<pid>) Warning: The 'NO_COLOR' env is ignored due to the 'FORCE_COLOR' env being set.
(Use \`node --trace-warnings ...\` to show where the warning was created)
"
`;

exports[`CLI > should run successfully with default options 1`] = `
"[36me18e[39m (cli <version>)

┌  Analyzing...
│
●  Summary
│  [36mPackage Name[39m                mock-package
│  [36mVersion[39m                     1.0.0
│  [36mInstall Size[39m                53.0 B
│  [36mDependencies[39m                1 (1 production, 0 development)
│  [36mDuplicate Dependency Count[39m  0
│
●  Results:
│
│
└  Done!

"
`;

exports[`CLI > should run successfully with default options 2`] = `
"(node:<pid>) Warning: The 'NO_COLOR' env is ignored due to the 'FORCE_COLOR' env being set.
(Use \`node --trace-warnings ...\` to show where the warning was created)
"
`;
