// Vitest Snapshot v1, https://vitest.dev/guide/snapshot.html

exports[`Duplicate Dependency Detection > should detect multiple versions 1`] = `
{
  "messages": [
    {
      "message": "[duplicate dependency] shared-lib has 2 installed versions:
1.0.0 via the following 2 package(s) package-a@1.0.0, package-c@1.0.0
2.0.0 via the following 1 package(s) package-b@1.0.0
💡 Suggestions
- Consider standardizing on version 1.0.0 as this version is the most commonly used.
- Consider upgrading consuming packages as this may resolve this duplicate version.
",
      "score": 0,
      "severity": "warning",
    },
  ],
  "stats": {
    "extraStats": [
      {
        "label": "Duplicate Dependency Count",
        "name": "duplicateDependencyCount",
        "value": 1,
      },
    ],
  },
}
`;

exports[`Duplicate Dependency Detection > should not detect duplicates when there are none 1`] = `
{
  "messages": [],
  "stats": {
    "extraStats": [
      {
        "label": "Duplicate Dependency Count",
        "name": "duplicateDependencyCount",
        "value": 0,
      },
    ],
  },
}
`;
