// Vitest Snapshot v1, https://vitest.dev/guide/snapshot.html

exports[`Duplicate Dependency Detection > should detect multiple versions 1`] = `
{
  "messages": [
    {
      "message": "[32m[duplicate dependency][39m [1mshared-lib[22m has 2 installed versions:
[33m1.0.0[39m via the following 2 package(s) [34mpackage-a@1.0.0, package-c@1.0.0[39m
[33m2.0.0[39m via the following 1 package(s) [34mpackage-b@1.0.0[39m
💡 Suggestions[90m
- Consider standardizing on version 1.0.0 as this version is the most commonly used.[39m[90m
- Consider upgrading consuming packages as this may resolve this duplicate version.[39m
",
      "score": 0,
      "severity": "warning",
    },
  ],
}
`;

exports[`Duplicate Dependency Detection > should not detect duplicates when there are none 1`] = `
{
  "messages": [],
}
`;
